---
source: openfx-runner/src/main.rs
expression: image.pixels
---
Rgba(
    [
        Pixel {
            r: 0.16540527,
            g: 0.16540527,
            b: 0.16540527,
            a: 0.86816406,
        },
        Pixel {
            r: 0.18115234,
            g: 0.18115234,
            b: 0.18115234,
            a: 0.9482422,
        },
        Pixel {
            r: 0.17663574,
            g: 0.17663574,
            b: 0.17663574,
            a: 0.9277344,
        },
        Pixel {
            r: 0.07672119,
            g: 0.07672119,
            b: 0.07672119,
            a: 0.9316406,
        },
        Pixel {
            r: 0.055480957,
            g: 0.055480957,
            b: 0.055480957,
            a: 0.9316406,
        },
        Pixel {
            r: 0.05822754,
            g: 0.05822754,
            b: 0.05822754,
            a: 0.9316406,
        },
        Pixel {
            r: 0.056762695,
            g: 0.056762695,
            b: 0.056762695,
            a: 0.9316406,
        },
        Pixel {
            r: 0.72558594,
            g: 0.72558594,
            b: 0.72558594,
            a: 0.9316406,
        },
        Pixel {
            r: 0.8847656,
            g: 0.8847656,
            b: 0.8847656,
            a: 0.9316406,
        },
        Pixel {
            r: 0.8486328,
            g: 0.8486328,
            b: 0.8486328,
            a: 0.9316406,
        },
        Pixel {
            r: 0.84228516,
            g: 0.84228516,
            b: 0.84228516,
            a: 0.9316406,
        },
        Pixel {
            r: 0.9135742,
            g: 0.9135742,
            b: 0.9135742,
            a: 0.9316406,
        },
        Pixel {
            r: 0.45654297,
            g: 0.45654297,
            b: 0.45654297,
            a: 0.9316406,
        },
        Pixel {
            r: 0.0011758804,
            g: 0.0011758804,
            b: 0.0011758804,
            a: 0.9316406,
        },
        Pixel {
            r: 0.06591797,
            g: 0.06591797,
            b: 0.06591797,
            a: 0.9316406,
        },
        Pixel {
            r: 0.04647827,
            g: 0.04647827,
            b: 0.04647827,
            a: 0.9316406,
        },
        Pixel {
            r: 0.068725586,
            g: 0.068725586,
            b: 0.068725586,
            a: 0.9316406,
        },
        Pixel {
            r: 0.06359863,
            g: 0.06359863,
            b: 0.06359863,
            a: 0.9316406,
        },
        Pixel {
            r: 0.079589844,
            g: 0.079589844,
            b: 0.079589844,
            a: 0.9316406,
        },
        Pixel {
            r: 0.0680542,
            g: 0.0680542,
            b: 0.0680542,
            a: 0.9316406,
        },
        Pixel {
            r: 0.052124023,
            g: 0.052124023,
            b: 0.052124023,
            a: 0.9316406,
        },
        Pixel {
            r: 0.07702637,
            g: 0.07702637,
            b: 0.07702637,
            a: 0.9316406,
        },
        Pixel {
            r: 0.17663574,
            g: 0.17663574,
            b: 0.17663574,
            a: 0.9277344,
        },
        Pixel {
            r: 0.18115234,
            g: 0.18115234,
            b: 0.18115234,
            a: 0.9482422,
        },
        Pixel {
            r: 0.16540527,
            g: 0.16540527,
            b: 0.16540527,
            a: 0.86816406,
        },
        Pixel {
            r: 0.19189453,
            g: 0.19189453,
            b: 0.17871094,
            a: 0.9482422,
        },
        Pixel {
            r: 0.21008301,
            g: 0.21008301,
            b: 0.19567871,
            a: 1.0351563,
        },
        Pixel {
            r: 0.20483398,
            g: 0.20483398,
            b: 0.1907959,
            a: 1.0126953,
        },
        Pixel {
            r: 0.085632324,
            g: 0.085632324,
            b: 0.08343506,
            a: 1.0175781,
        },
        Pixel {
            r: 0.060150146,
            g: 0.060150146,
            b: 0.060638428,
            a: 1.0175781,
        },
        Pixel {
            r: 0.0637207,
            g: 0.0637207,
            b: 0.06359863,
            a: 1.0175781,
        },
        Pixel {
            r: 0.062683105,
            g: 0.062683105,
            b: 0.062683105,
            a: 1.0175781,
        },
        Pixel {
            r: 0.78271484,
            g: 0.78271484,
            b: 0.78271484,
            a: 1.0175781,
        },
        Pixel {
            r: 0.95458984,
            g: 0.95458984,
            b: 0.95458984,
            a: 1.0175781,
        },
        Pixel {
            r: 0.9165039,
            g: 0.9165039,
            b: 0.9165039,
            a: 1.0175781,
        },
        Pixel {
            r: 0.91064453,
            g: 0.91064453,
            b: 0.91064453,
            a: 1.0175781,
        },
        Pixel {
            r: 0.98828125,
            g: 0.98828125,
            b: 0.98828125,
            a: 1.0175781,
        },
        Pixel {
            r: 0.49853516,
            g: 0.49853516,
            b: 0.49853516,
            a: 1.0175781,
        },
        Pixel {
            r: 0.010429382,
            g: 0.010429382,
            b: 0.010429382,
            a: 1.0175781,
        },
        Pixel {
            r: 0.08105469,
            g: 0.08105469,
            b: 0.08105469,
            a: 1.0175781,
        },
        Pixel {
            r: 0.06121826,
            g: 0.06121826,
            b: 0.06121826,
            a: 1.0175781,
        },
        Pixel {
            r: 0.08618164,
            g: 0.08618164,
            b: 0.08618164,
            a: 1.0175781,
        },
        Pixel {
            r: 0.08166504,
            g: 0.08166504,
            b: 0.08166504,
            a: 1.0175781,
        },
        Pixel {
            r: 0.099975586,
            g: 0.099975586,
            b: 0.099975586,
            a: 1.0175781,
        },
        Pixel {
            r: 0.088256836,
            g: 0.0881958,
            b: 0.0881958,
            a: 1.0175781,
        },
        Pixel {
            r: 0.07116699,
            g: 0.07165527,
            b: 0.07165527,
            a: 1.0175781,
        },
        Pixel {
            r: 0.097961426,
            g: 0.09576416,
            b: 0.09576416,
            a: 1.0175781,
        },
        Pixel {
            r: 0.20495605,
            g: 0.19091797,
            b: 0.19091797,
            a: 1.0126953,
        },
        Pixel {
            r: 0.21008301,
            g: 0.19567871,
            b: 0.19567871,
            a: 1.0351563,
        },
        Pixel {
            r: 0.19189453,
            g: 0.17871094,
            b: 0.17871094,
            a: 0.9482422,
        },
        Pixel {
            r: 0.11608887,
            g: 0.12731934,
            b: 0.19677734,
            a: 0.9277344,
        },
        Pixel {
            r: 0.12695313,
            g: 0.1394043,
            b: 0.2154541,
            a: 1.0126953,
        },
        Pixel {
            r: 0.1239624,
            g: 0.13598633,
            b: 0.21020508,
            a: 0.99072266,
        },
        Pixel {
            r: 0.082092285,
            g: 0.083984375,
            b: 0.09552002,
            a: 0.99560547,
        },
        Pixel {
            r: 0.074401855,
            g: 0.07397461,
            b: 0.0713501,
            a: 0.99560547,
        },
        Pixel {
            r: 0.07305908,
            g: 0.07318115,
            b: 0.073791504,
            a: 0.99560547,
        },
        Pixel {
            r: 0.06591797,
            g: 0.06591797,
            b: 0.06591797,
            a: 0.99560547,
        },
        Pixel {
            r: 0.82714844,
            g: 0.82714844,
            b: 0.82714844,
            a: 0.99560547,
        },
        Pixel {
            r: 1.0039063,
            g: 1.0039063,
            b: 1.0039063,
            a: 0.99560547,
        },
        Pixel {
            r: 0.95703125,
            g: 0.95703125,
            b: 0.95703125,
            a: 0.99560547,
        },
        Pixel {
            r: 0.94433594,
            g: 0.94433594,
            b: 0.94433594,
            a: 0.99560547,
        },
        Pixel {
            r: 1.0205078,
            g: 1.0205078,
            b: 1.0205078,
            a: 0.99560547,
        },
        Pixel {
            r: 0.49072266,
            g: 0.49072266,
            b: 0.49072266,
            a: 0.99560547,
        },
        Pixel {
            r: -0.036956787,
            g: -0.036956787,
            b: -0.036956787,
            a: 0.99560547,
        },
        Pixel {
            r: 0.031707764,
            g: 0.031707764,
            b: 0.031707764,
            a: 0.99560547,
        },
        Pixel {
            r: 0.003835678,
            g: 0.003835678,
            b: 0.003835678,
            a: 0.99560547,
        },
        Pixel {
            r: 0.023773193,
            g: 0.023773193,
            b: 0.023773193,
            a: 0.99560547,
        },
        Pixel {
            r: 0.01234436,
            g: 0.01234436,
            b: 0.01234436,
            a: 0.99560547,
        },
        Pixel {
            r: 0.024887085,
            g: 0.024887085,
            b: 0.024887085,
            a: 0.99560547,
        },
        Pixel {
            r: 0.007820129,
            g: 0.008422852,
            b: 0.008522034,
            a: 0.99560547,
        },
        Pixel {
            r: -0.009994507,
            g: -0.012641907,
            b: -0.013069153,
            a: 0.99560547,
        },
        Pixel {
            r: 0.016830444,
            g: 0.028366089,
            b: 0.03024292,
            a: 0.99560547,
        },
        Pixel {
            r: 0.1237793,
            g: 0.19787598,
            b: 0.20996094,
            a: 0.99072266,
        },
        Pixel {
            r: 0.12719727,
            g: 0.20324707,
            b: 0.21569824,
            a: 1.0126953,
        },
        Pixel {
            r: 0.11590576,
            g: 0.18530273,
            b: 0.19665527,
            a: 0.9277344,
        },
        Pixel {
            r: 0.56884766,
            g: 0.51123047,
            b: 0.062927246,
            a: 0.9316406,
        },
        Pixel {
            r: 0.62402344,
            g: 0.5605469,
            b: 0.06903076,
            a: 1.0175781,
        },
        Pixel {
            r: 0.6074219,
            g: 0.54589844,
            b: 0.06719971,
            a: 0.99560547,
        },
        Pixel {
            r: 0.100097656,
            g: 0.0904541,
            b: 0.015960693,
            a: 1.0,
        },
        Pixel {
            r: -0.019640818,
            g: -0.01674036,
            b: 0.006076911,
            a: 1.3154631,
        },
        Pixel {
            r: 0.024058873,
            g: 0.023173764,
            b: 0.014188566,
            a: 1.7577729,
        },
        Pixel {
            r: 0.087977596,
            g: 0.088157386,
            b: 0.07635113,
            a: 1.9637941,
        },
        Pixel {
            r: 0.86683095,
            g: 0.8663515,
            b: 0.85340655,
            a: 1.963794,
        },
        Pixel {
            r: 0.98273915,
            g: 0.9878889,
            b: 0.98273915,
            a: 1.7577727,
        },
        Pixel {
            r: 0.7527941,
            g: 0.7611442,
            b: 0.7617865,
            a: 1.3154627,
        },
        Pixel {
            r: 0.60546875,
            g: 0.6113281,
            b: 0.6113281,
            a: 1.0,
        },
        Pixel {
            r: 0.6796875,
            g: 0.6855469,
            b: 0.68066406,
            a: 1.0,
        },
        Pixel {
            r: 0.47021484,
            g: 0.4765625,
            b: 0.4699707,
            a: 1.0,
        },
        Pixel {
            r: 0.2631836,
            g: 0.2668457,
            b: 0.2631836,
            a: 1.0,
        },
        Pixel {
            r: 0.3388672,
            g: 0.33276367,
            b: 0.33862305,
            a: 1.0,
        },
        Pixel {
            r: 0.3642578,
            g: 0.35839844,
            b: 0.3647461,
            a: 1.0,
        },
        Pixel {
            r: 0.41210938,
            g: 0.40625,
            b: 0.40942383,
            a: 1.0,
        },
        Pixel {
            r: 0.44506836,
            g: 0.43920898,
            b: 0.4387207,
            a: 1.0,
        },
        Pixel {
            r: 0.49145508,
            g: 0.48535156,
            b: 0.48535156,
            a: 1.0,
        },
        Pixel {
            r: 0.5048828,
            g: 0.49975586,
            b: 0.50390625,
            a: 1.0,
        },
        Pixel {
            r: 0.49243164,
            g: 0.5097656,
            b: 0.5185547,
            a: 1.0,
        },
        Pixel {
            r: 0.515625,
            g: 0.4411621,
            b: 0.43652344,
            a: 1.0,
        },
        Pixel {
            r: 0.6088867,
            g: 0.13024902,
            b: 0.06854248,
            a: 0.99560547,
        },
        Pixel {
            r: 0.6225586,
            g: 0.13122559,
            b: 0.067871094,
            a: 1.0175781,
        },
        Pixel {
            r: 0.5698242,
            g: 0.1217041,
            b: 0.063964844,
            a: 0.9316406,
        },
        Pixel {
            r: 0.62353516,
            g: 0.92333984,
            b: 0.33691406,
            a: 0.9316406,
        },
        Pixel {
            r: 0.6821289,
            g: 1.0107422,
            b: 0.36791992,
            a: 1.0175781,
        },
        Pixel {
            r: 0.6660156,
            g: 0.9863281,
            b: 0.35986328,
            a: 0.99560547,
        },
        Pixel {
            r: 0.62686396,
            g: 0.7041847,
            b: 0.5540693,
            a: 1.5449066,
        },
        Pixel {
            r: 0.7021476,
            g: 0.67968667,
            b: 0.72167885,
            a: 1.9999976,
        },
        Pixel {
            r: 0.6879883,
            g: 0.6928711,
            b: 0.69433594,
            a: 2.0,
        },
        Pixel {
            r: 0.6142578,
            g: 0.61328125,
            b: 0.66748047,
            a: 2.0,
        },
        Pixel {
            r: 0.60791016,
            g: 0.6118164,
            b: 0.66845703,
            a: 2.0,
        },
        Pixel {
            r: 0.70654297,
            g: 0.6791992,
            b: 0.7055664,
            a: 2.0,
        },
        Pixel {
            r: 0.83642477,
            g: 0.7792959,
            b: 0.7753897,
            a: 1.9999976,
        },
        Pixel {
            r: 0.7158771,
            g: 0.67551947,
            b: 0.67551947,
            a: 1.5449066,
        },
        Pixel {
            r: 0.5053711,
            g: 0.4790039,
            b: 0.5,
            a: 1.0,
        },
        Pixel {
            r: 0.58935547,
            g: 0.5605469,
            b: 0.5908203,
            a: 1.0,
        },
        Pixel {
            r: 0.6660156,
            g: 0.64990234,
            b: 0.6660156,
            a: 1.0,
        },
        Pixel {
            r: 0.68603516,
            g: 0.7138672,
            b: 0.68652344,
            a: 1.0,
        },
        Pixel {
            r: 0.73535156,
            g: 0.76171875,
            b: 0.73339844,
            a: 1.0,
        },
        Pixel {
            r: 0.7807617,
            g: 0.8071289,
            b: 0.7939453,
            a: 1.0,
        },
        Pixel {
            r: 0.8276367,
            g: 0.8544922,
            b: 0.85595703,
            a: 1.0,
        },
        Pixel {
            r: 0.875,
            g: 0.90234375,
            b: 0.90234375,
            a: 1.0,
        },
        Pixel {
            r: 0.9272461,
            g: 0.9277344,
            b: 0.9091797,
            a: 1.0,
        },
        Pixel {
            r: 0.9458008,
            g: 0.96728516,
            b: 0.9267578,
            a: 1.0,
        },
        Pixel {
            r: 0.89404297,
            g: 0.796875,
            b: 0.82421875,
            a: 1.0,
        },
        Pixel {
            r: 0.66748047,
            g: 0.041107178,
            b: 0.36132813,
            a: 0.99560547,
        },
        Pixel {
            r: 0.68066406,
            g: 0.03753662,
            b: 0.36669922,
            a: 1.0175781,
        },
        Pixel {
            r: 0.6245117,
            g: 0.038085938,
            b: 0.33813477,
            a: 0.9316406,
        },
        Pixel {
            r: 0.060821533,
            g: 0.7548828,
            b: 0.8154297,
            a: 0.9316406,
        },
        Pixel {
            r: 0.0625,
            g: 0.82373047,
            b: 0.8901367,
            a: 1.0175781,
        },
        Pixel {
            r: 0.08591776,
            g: 1.0595722,
            b: 1.1449285,
            a: 1.3085814,
        },
        Pixel {
            r: 1.5869098,
            g: 1.8173778,
            b: 1.8349559,
            a: 1.9999945,
        },
        Pixel {
            r: 1.9365234,
            g: 1.8837891,
            b: 1.8896484,
            a: 2.0,
        },
        Pixel {
            r: 1.7666016,
            g: 1.7783203,
            b: 1.7294922,
            a: 2.0,
        },
        Pixel {
            r: 1.4658203,
            g: 1.4697266,
            b: 1.2275391,
            a: 2.0,
        },
        Pixel {
            r: 1.5117188,
            g: 1.4941406,
            b: 1.2363281,
            a: 2.0,
        },
        Pixel {
            r: 1.3662109,
            g: 1.4882813,
            b: 1.3710938,
            a: 2.0,
        },
        Pixel {
            r: 1.21875,
            g: 1.4765625,
            b: 1.4941406,
            a: 2.0,
        },
        Pixel {
            r: 1.2304654,
            g: 1.4667928,
            b: 1.4667928,
            a: 1.9999945,
        },
        Pixel {
            r: 0.8028619,
            g: 0.9581718,
            b: 0.8330254,
            a: 1.3143575,
        },
        Pixel {
            r: 0.5917969,
            g: 0.72216797,
            b: 0.5864258,
            a: 1.0,
        },
        Pixel {
            r: 0.6069336,
            g: 0.68066406,
            b: 0.60791016,
            a: 1.0,
        },
        Pixel {
            r: 0.70214844,
            g: 0.578125,
            b: 0.7001953,
            a: 1.0,
        },
        Pixel {
            r: 0.6948242,
            g: 0.5751953,
            b: 0.7036133,
            a: 1.0,
        },
        Pixel {
            r: 0.6904297,
            g: 0.5703125,
            b: 0.63183594,
            a: 1.0,
        },
        Pixel {
            r: 0.6850586,
            g: 0.5654297,
            b: 0.5571289,
            a: 1.0,
        },
        Pixel {
            r: 0.68359375,
            g: 0.5605469,
            b: 0.5595703,
            a: 1.0,
        },
        Pixel {
            r: 0.578125,
            g: 0.55371094,
            b: 0.6538086,
            a: 1.0,
        },
        Pixel {
            r: 0.56884766,
            g: 0.5722656,
            b: 0.67578125,
            a: 1.0,
        },
        Pixel {
            r: 0.4819336,
            g: 0.49072266,
            b: 0.70654297,
            a: 1.0,
        },
        Pixel {
            r: 0.06439209,
            g: 0.12927246,
            b: 0.87060547,
            a: 0.99560547,
        },
        Pixel {
            r: 0.06335449,
            g: 0.13000488,
            b: 0.890625,
            a: 1.0175781,
        },
        Pixel {
            r: 0.06008911,
            g: 0.12084961,
            b: 0.8149414,
            a: 0.9316406,
        },
        Pixel {
            r: 0.39282227,
            g: 0.3708496,
            b: 0.36035156,
            a: 0.9316406,
        },
        Pixel {
            r: 0.42773438,
            g: 0.40356445,
            b: 0.39208984,
            a: 1.0175781,
        },
        Pixel {
            r: 0.73754066,
            g: 0.69635165,
            b: 0.67661524,
            a: 1.7496747,
        },
        Pixel {
            r: 1.296875,
            g: 1.2890625,
            b: 1.2724609,
            a: 2.0,
        },
        Pixel {
            r: 1.3974609,
            g: 1.3994141,
            b: 1.4589844,
            a: 2.0,
        },
        Pixel {
            r: 1.3779297,
            g: 1.3769531,
            b: 1.1054688,
            a: 2.0,
        },
        Pixel {
            r: 1.3710938,
            g: 1.3925781,
            b: 0.08123779,
            a: 2.0,
        },
        Pixel {
            r: 1.4892578,
            g: 1.3945313,
            b: 0.002746582,
            a: 2.0,
        },
        Pixel {
            r: 0.7314453,
            g: 1.3955078,
            b: 0.7583008,
            a: 2.0,
        },
        Pixel {
            r: 0.00068330765,
            g: 1.3974609,
            b: 1.4892578,
            a: 2.0,
        },
        Pixel {
            r: 0.11895752,
            g: 1.3994141,
            b: 1.3994141,
            a: 2.0,
        },
        Pixel {
            r: 0.09793117,
            g: 1.2202245,
            b: 0.3170696,
            a: 1.7573979,
        },
        Pixel {
            r: 0.022842407,
            g: 0.7290039,
            b: -0.0047035217,
            a: 1.0,
        },
        Pixel {
            r: 0.17602539,
            g: 0.57714844,
            b: 0.1821289,
            a: 1.0,
        },
        Pixel {
            r: 0.7138672,
            g: 0.041381836,
            b: 0.703125,
            a: 1.0,
        },
        Pixel {
            r: 0.70214844,
            g: 0.05444336,
            b: 0.75,
            a: 1.0,
        },
        Pixel {
            r: 0.703125,
            g: 0.054656982,
            b: 0.3857422,
            a: 1.0,
        },
        Pixel {
            r: 0.7026367,
            g: 0.054595947,
            b: 0.009819031,
            a: 1.0,
        },
        Pixel {
            r: 0.72216797,
            g: 0.055480957,
            b: 0.05065918,
            a: 1.0,
        },
        Pixel {
            r: 0.19494629,
            g: 0.058898926,
            b: 0.5683594,
            a: 1.0,
        },
        Pixel {
            r: 0.01360321,
            g: 0.043518066,
            b: 0.7475586,
            a: 1.0,
        },
        Pixel {
            r: 0.119018555,
            g: 0.11065674,
            b: 0.6508789,
            a: 1.0,
        },
        Pixel {
            r: 0.41796875,
            g: 0.40673828,
            b: 0.38500977,
            a: 0.99560547,
        },
        Pixel {
            r: 0.42919922,
            g: 0.4177246,
            b: 0.39208984,
            a: 1.0175781,
        },
        Pixel {
            r: 0.39135742,
            g: 0.38085938,
            b: 0.36035156,
            a: 0.9316406,
        },
        Pixel {
            r: 0.37719727,
            g: 0.3786621,
            b: 0.37841797,
            a: 0.9316406,
        },
        Pixel {
            r: 0.41064453,
            g: 0.41210938,
            b: 0.41186523,
            a: 1.0175781,
        },
        Pixel {
            r: 0.7916217,
            g: 0.79449856,
            b: 0.79449856,
            a: 1.9553199,
        },
        Pixel {
            r: 1.3164063,
            g: 1.3164063,
            b: 1.3037109,
            a: 2.0,
        },
        Pixel {
            r: 1.4296875,
            g: 1.4296875,
            b: 1.4882813,
            a: 2.0,
        },
        Pixel {
            r: 1.4033203,
            g: 1.4033203,
            b: 1.1357422,
            a: 2.0,
        },
        Pixel {
            r: 1.3867188,
            g: 1.4082031,
            b: 0.11767578,
            a: 2.0,
        },
        Pixel {
            r: 1.5019531,
            g: 1.4082031,
            b: 0.0390625,
            a: 2.0,
        },
        Pixel {
            r: 0.75439453,
            g: 1.4082031,
            b: 0.7807617,
            a: 2.0,
        },
        Pixel {
            r: 0.033721924,
            g: 1.4082031,
            b: 1.4990234,
            a: 2.0,
        },
        Pixel {
            r: 0.1484375,
            g: 1.4082031,
            b: 1.4082031,
            a: 2.0,
        },
        Pixel {
            r: 0.13689159,
            g: 1.3703543,
            b: 0.37783036,
            a: 1.9639508,
        },
        Pixel {
            r: 0.03656006,
            g: 0.73095703,
            b: 0.00944519,
            a: 1.0,
        },
        Pixel {
            r: 0.18640137,
            g: 0.58154297,
            b: 0.19250488,
            a: 1.0,
        },
        Pixel {
            r: 0.71484375,
            g: 0.05316162,
            b: 0.70410156,
            a: 1.0,
        },
        Pixel {
            r: 0.7026367,
            g: 0.06518555,
            b: 0.7495117,
            a: 1.0,
        },
        Pixel {
            r: 0.7026367,
            g: 0.064575195,
            b: 0.39038086,
            a: 1.0,
        },
        Pixel {
            r: 0.70166016,
            g: 0.0637207,
            b: 0.01965332,
            a: 1.0,
        },
        Pixel {
            r: 0.7192383,
            g: 0.0637207,
            b: 0.05899048,
            a: 1.0,
        },
        Pixel {
            r: 0.20019531,
            g: 0.066467285,
            b: 0.5678711,
            a: 1.0,
        },
        Pixel {
            r: 0.022628784,
            g: 0.05166626,
            b: 0.74365234,
            a: 1.0,
        },
        Pixel {
            r: 0.122802734,
            g: 0.11633301,
            b: 0.6513672,
            a: 1.0,
        },
        Pixel {
            r: 0.4013672,
            g: 0.4013672,
            b: 0.40454102,
            a: 0.99560547,
        },
        Pixel {
            r: 0.41210938,
            g: 0.41186523,
            b: 0.41186523,
            a: 1.0175781,
        },
        Pixel {
            r: 0.37597656,
            g: 0.37573242,
            b: 0.37841797,
            a: 0.9316406,
        },
        Pixel {
            r: 0.37719727,
            g: 0.37841797,
            b: 0.37841797,
            a: 0.9316406,
        },
        Pixel {
            r: 0.41064453,
            g: 0.41186523,
            b: 0.41186523,
            a: 1.0175781,
        },
        Pixel {
            r: 0.7918606,
            g: 0.7942587,
            b: 0.7942587,
            a: 1.95591,
        },
        Pixel {
            r: 1.3164063,
            g: 1.3164063,
            b: 1.3037109,
            a: 2.0,
        },
        Pixel {
            r: 1.4296875,
            g: 1.4296875,
            b: 1.4882813,
            a: 2.0,
        },
        Pixel {
            r: 1.4042969,
            g: 1.4042969,
            b: 1.1357422,
            a: 2.0,
        },
        Pixel {
            r: 1.3867188,
            g: 1.4082031,
            b: 0.117370605,
            a: 2.0,
        },
        Pixel {
            r: 1.5019531,
            g: 1.4082031,
            b: 0.03869629,
            a: 2.0,
        },
        Pixel {
            r: 0.75390625,
            g: 1.4082031,
            b: 0.7807617,
            a: 2.0,
        },
        Pixel {
            r: 0.033294678,
            g: 1.4082031,
            b: 1.4990234,
            a: 2.0,
        },
        Pixel {
            r: 0.14807129,
            g: 1.4082031,
            b: 1.4082031,
            a: 2.0,
        },
        Pixel {
            r: 0.13657315,
            g: 1.3717269,
            b: 0.3777045,
            a: 1.9645431,
        },
        Pixel {
            r: 0.036315918,
            g: 0.7314453,
            b: 0.00919342,
            a: 1.0,
        },
        Pixel {
            r: 0.18615723,
            g: 0.58154297,
            b: 0.19226074,
            a: 1.0,
        },
        Pixel {
            r: 0.71484375,
            g: 0.05291748,
            b: 0.70410156,
            a: 1.0,
        },
        Pixel {
            r: 0.7026367,
            g: 0.064941406,
            b: 0.7495117,
            a: 1.0,
        },
        Pixel {
            r: 0.7026367,
            g: 0.064331055,
            b: 0.39038086,
            a: 1.0,
        },
        Pixel {
            r: 0.70166016,
            g: 0.06341553,
            b: 0.019348145,
            a: 1.0,
        },
        Pixel {
            r: 0.7192383,
            g: 0.06341553,
            b: 0.058685303,
            a: 1.0,
        },
        Pixel {
            r: 0.19995117,
            g: 0.06616211,
            b: 0.5678711,
            a: 1.0,
        },
        Pixel {
            r: 0.02230835,
            g: 0.051361084,
            b: 0.74365234,
            a: 1.0,
        },
        Pixel {
            r: 0.122558594,
            g: 0.11608887,
            b: 0.6513672,
            a: 1.0,
        },
        Pixel {
            r: 0.4013672,
            g: 0.4013672,
            b: 0.40429688,
            a: 0.99560547,
        },
        Pixel {
            r: 0.41210938,
            g: 0.41210938,
            b: 0.41186523,
            a: 1.0175781,
        },
        Pixel {
            r: 0.37597656,
            g: 0.37597656,
            b: 0.37841797,
            a: 0.9316406,
        },
        Pixel {
            r: 0.37768555,
            g: 0.37768555,
            b: 0.37768555,
            a: 0.9316406,
        },
        Pixel {
            r: 0.4111328,
            g: 0.4111328,
            b: 0.4111328,
            a: 1.0175781,
        },
        Pixel {
            r: 0.7097115,
            g: 0.7097115,
            b: 0.7097115,
            a: 1.7508793,
        },
        Pixel {
            r: 1.3154297,
            g: 1.3154297,
            b: 1.3027344,
            a: 2.0,
        },
        Pixel {
            r: 1.4296875,
            g: 1.4296875,
            b: 1.4873047,
            a: 2.0,
        },
        Pixel {
            r: 1.4033203,
            g: 1.4033203,
            b: 1.1357422,
            a: 2.0,
        },
        Pixel {
            r: 1.3867188,
            g: 1.4082031,
            b: 0.115478516,
            a: 2.0,
        },
        Pixel {
            r: 1.5019531,
            g: 1.4082031,
            b: 0.036712646,
            a: 2.0,
        },
        Pixel {
            r: 0.75341797,
            g: 1.4082031,
            b: 0.77978516,
            a: 2.0,
        },
        Pixel {
            r: 0.031311035,
            g: 1.4082031,
            b: 1.4990234,
            a: 2.0,
        },
        Pixel {
            r: 0.14624023,
            g: 1.4082031,
            b: 1.4082031,
            a: 2.0,
        },
        Pixel {
            r: 0.120646626,
            g: 1.2279336,
            b: 0.33682305,
            a: 1.758607,
        },
        Pixel {
            r: 0.035339355,
            g: 0.7314453,
            b: 0.00818634,
            a: 1.0,
        },
        Pixel {
            r: 0.1854248,
            g: 0.5810547,
            b: 0.19152832,
            a: 1.0,
        },
        Pixel {
            r: 0.71484375,
            g: 0.051971436,
            b: 0.70410156,
            a: 1.0,
        },
        Pixel {
            r: 0.7026367,
            g: 0.06402588,
            b: 0.7495117,
            a: 1.0,
        },
        Pixel {
            r: 0.7026367,
            g: 0.06335449,
            b: 0.38989258,
            a: 1.0,
        },
        Pixel {
            r: 0.7011719,
            g: 0.0625,
            b: 0.018356323,
            a: 1.0,
        },
        Pixel {
            r: 0.7192383,
            g: 0.0625,
            b: 0.057739258,
            a: 1.0,
        },
        Pixel {
            r: 0.19934082,
            g: 0.06524658,
            b: 0.5678711,
            a: 1.0,
        },
        Pixel {
            r: 0.02128601,
            g: 0.05038452,
            b: 0.74365234,
            a: 1.0,
        },
        Pixel {
            r: 0.12182617,
            g: 0.115356445,
            b: 0.6513672,
            a: 1.0,
        },
        Pixel {
            r: 0.40185547,
            g: 0.40185547,
            b: 0.40356445,
            a: 0.99560547,
        },
        Pixel {
            r: 0.41259766,
            g: 0.41259766,
            b: 0.4111328,
            a: 1.0175781,
        },
        Pixel {
            r: 0.37646484,
            g: 0.37646484,
            b: 0.37768555,
            a: 0.9316406,
        },
        Pixel {
            r: 0.37768555,
            g: 0.37768555,
            b: 0.37768555,
            a: 0.9316406,
        },
        Pixel {
            r: 0.4111328,
            g: 0.4111328,
            b: 0.4111328,
            a: 1.0175781,
        },
        Pixel {
            r: 0.53074926,
            g: 0.53074926,
            b: 0.53074926,
            a: 1.3093742,
        },
        Pixel {
            r: 1.3154268,
            g: 1.3154268,
            b: 1.3027316,
            a: 1.9999957,
        },
        Pixel {
            r: 1.4296875,
            g: 1.4296875,
            b: 1.4873047,
            a: 2.0,
        },
        Pixel {
            r: 1.4033203,
            g: 1.4033203,
            b: 1.1357422,
            a: 2.0,
        },
        Pixel {
            r: 1.3867188,
            g: 1.4082031,
            b: 0.115478516,
            a: 2.0,
        },
        Pixel {
            r: 1.5019531,
            g: 1.4082031,
            b: 0.036712646,
            a: 2.0,
        },
        Pixel {
            r: 0.75341797,
            g: 1.4082031,
            b: 0.77978516,
            a: 2.0,
        },
        Pixel {
            r: 0.031311035,
            g: 1.4082031,
            b: 1.4990234,
            a: 2.0,
        },
        Pixel {
            r: 0.14623992,
            g: 1.4082001,
            b: 1.4082001,
            a: 1.9999957,
        },
        Pixel {
            r: 0.09014386,
            g: 0.9182954,
            b: 0.25188908,
            a: 1.3151531,
        },
        Pixel {
            r: 0.035339355,
            g: 0.7314453,
            b: 0.00818634,
            a: 1.0,
        },
        Pixel {
            r: 0.1854248,
            g: 0.5810547,
            b: 0.19152832,
            a: 1.0,
        },
        Pixel {
            r: 0.71484375,
            g: 0.051971436,
            b: 0.70410156,
            a: 1.0,
        },
        Pixel {
            r: 0.7026367,
            g: 0.06402588,
            b: 0.7495117,
            a: 1.0,
        },
        Pixel {
            r: 0.7026367,
            g: 0.06335449,
            b: 0.38989258,
            a: 1.0,
        },
        Pixel {
            r: 0.7011719,
            g: 0.0625,
            b: 0.018356323,
            a: 1.0,
        },
        Pixel {
            r: 0.7192383,
            g: 0.0625,
            b: 0.057739258,
            a: 1.0,
        },
        Pixel {
            r: 0.19934082,
            g: 0.06524658,
            b: 0.5678711,
            a: 1.0,
        },
        Pixel {
            r: 0.02128601,
            g: 0.05038452,
            b: 0.74365234,
            a: 1.0,
        },
        Pixel {
            r: 0.12182617,
            g: 0.115356445,
            b: 0.6513672,
            a: 1.0,
        },
        Pixel {
            r: 0.40185547,
            g: 0.40185547,
            b: 0.40356445,
            a: 0.99560547,
        },
        Pixel {
            r: 0.41259766,
            g: 0.41259766,
            b: 0.4111328,
            a: 1.0175781,
        },
        Pixel {
            r: 0.37646484,
            g: 0.37646484,
            b: 0.37768555,
            a: 0.9316406,
        },
        Pixel {
            r: 0.37597656,
            g: 0.37597656,
            b: 0.37597656,
            a: 0.9277344,
        },
        Pixel {
            r: 0.4091797,
            g: 0.4091797,
            b: 0.4091797,
            a: 1.0126953,
        },
        Pixel {
            r: 0.40185547,
            g: 0.40185547,
            b: 0.40185547,
            a: 0.99072266,
        },
        Pixel {
            r: 1.0107455,
            g: 1.0107455,
            b: 1.0009471,
            a: 1.5368458,
        },
        Pixel {
            r: 1.422847,
            g: 1.422847,
            b: 1.4804641,
            a: 1.9912046,
        },
        Pixel {
            r: 1.3974609,
            g: 1.3974609,
            b: 1.1298828,
            a: 1.9912109,
        },
        Pixel {
            r: 1.3808594,
            g: 1.4013672,
            b: 0.114990234,
            a: 1.9912109,
        },
        Pixel {
            r: 1.4951172,
            g: 1.4013672,
            b: 0.03652954,
            a: 1.9912109,
        },
        Pixel {
            r: 0.75,
            g: 1.4013672,
            b: 0.7763672,
            a: 1.9912109,
        },
        Pixel {
            r: 0.031173607,
            g: 1.4013628,
            b: 1.4921827,
            a: 1.9912046,
        },
        Pixel {
            r: 0.11230507,
            g: 1.0815958,
            b: 1.0815958,
            a: 1.5368459,
        },
        Pixel {
            r: 0.068237305,
            g: 0.6948242,
            b: 0.19067383,
            a: 0.99560547,
        },
        Pixel {
            r: 0.035186768,
            g: 0.72802734,
            b: 0.008148193,
            a: 0.99560547,
        },
        Pixel {
            r: 0.18457031,
            g: 0.5786133,
            b: 0.19067383,
            a: 0.99560547,
        },
        Pixel {
            r: 0.7114258,
            g: 0.051727295,
            b: 0.7006836,
            a: 0.99560547,
        },
        Pixel {
            r: 0.69921875,
            g: 0.0637207,
            b: 0.74609375,
            a: 0.99560547,
        },
        Pixel {
            r: 0.69921875,
            g: 0.06311035,
            b: 0.3881836,
            a: 0.99560547,
        },
        Pixel {
            r: 0.6982422,
            g: 0.06222534,
            b: 0.01826477,
            a: 0.99560547,
        },
        Pixel {
            r: 0.7163086,
            g: 0.06222534,
            b: 0.057495117,
            a: 0.99560547,
        },
        Pixel {
            r: 0.19836426,
            g: 0.064941406,
            b: 0.5649414,
            a: 0.99560547,
        },
        Pixel {
            r: 0.0211792,
            g: 0.05014038,
            b: 0.7402344,
            a: 0.99560547,
        },
        Pixel {
            r: 0.121276855,
            g: 0.114868164,
            b: 0.6484375,
            a: 0.99560547,
        },
        Pixel {
            r: 0.40014648,
            g: 0.40014648,
            b: 0.40185547,
            a: 0.99072266,
        },
        Pixel {
            r: 0.41064453,
            g: 0.41064453,
            b: 0.4091797,
            a: 1.0126953,
        },
        Pixel {
            r: 0.37475586,
            g: 0.37475586,
            b: 0.37597656,
            a: 0.9277344,
        },
        Pixel {
            r: 0.38427734,
            g: 0.38427734,
            b: 0.38427734,
            a: 0.9482422,
        },
        Pixel {
            r: 0.4182129,
            g: 0.4182129,
            b: 0.4182129,
            a: 1.0351563,
        },
        Pixel {
            r: 0.41064453,
            g: 0.41064453,
            b: 0.41064453,
            a: 1.0126953,
        },
        Pixel {
            r: 0.6694336,
            g: 0.6694336,
            b: 0.66259766,
            a: 1.0175781,
        },
        Pixel {
            r: 0.95548844,
            g: 0.95548844,
            b: 0.994632,
            a: 1.3372988,
        },
        Pixel {
            r: 1.254852,
            g: 1.254852,
            b: 1.015383,
            a: 1.7887222,
        },
        Pixel {
            r: 1.38642,
            g: 1.4075282,
            b: 0.115495026,
            a: 1.999515,
        },
        Pixel {
            r: 1.5015553,
            g: 1.4075283,
            b: 0.036699355,
            a: 1.9995152,
        },
        Pixel {
            r: 0.673775,
            g: 1.2591438,
            b: 0.6973786,
            a: 1.7887225,
        },
        Pixel {
            r: 0.020935403,
            g: 0.94137126,
            b: 1.0023326,
            a: 1.337299,
        },
        Pixel {
            r: 0.074401855,
            g: 0.7163086,
            b: 0.7163086,
            a: 1.0175781,
        },
        Pixel {
            r: 0.06976318,
            g: 0.7104492,
            b: 0.19494629,
            a: 1.0175781,
        },
        Pixel {
            r: 0.035949707,
            g: 0.7441406,
            b: 0.008331299,
            a: 1.0175781,
        },
        Pixel {
            r: 0.1887207,
            g: 0.5913086,
            b: 0.19494629,
            a: 1.0175781,
        },
        Pixel {
            r: 0.7270508,
            g: 0.052856445,
            b: 0.7163086,
            a: 1.0175781,
        },
        Pixel {
            r: 0.71484375,
            g: 0.06512451,
            b: 0.7626953,
            a: 1.0175781,
        },
        Pixel {
            r: 0.71484375,
            g: 0.06451416,
            b: 0.39672852,
            a: 1.0175781,
        },
        Pixel {
            r: 0.7138672,
            g: 0.06359863,
            b: 0.018676758,
            a: 1.0175781,
        },
        Pixel {
            r: 0.7319336,
            g: 0.06359863,
            b: 0.058776855,
            a: 1.0175781,
        },
        Pixel {
            r: 0.20275879,
            g: 0.06640625,
            b: 0.5776367,
            a: 1.0175781,
        },
        Pixel {
            r: 0.021652222,
            g: 0.05126953,
            b: 0.75683594,
            a: 1.0175781,
        },
        Pixel {
            r: 0.1239624,
            g: 0.117370605,
            b: 0.66259766,
            a: 1.0175781,
        },
        Pixel {
            r: 0.40893555,
            g: 0.40893555,
            b: 0.41064453,
            a: 1.0126953,
        },
        Pixel {
            r: 0.41967773,
            g: 0.41967773,
            b: 0.4182129,
            a: 1.0351563,
        },
        Pixel {
            r: 0.38305664,
            g: 0.38305664,
            b: 0.38427734,
            a: 0.9482422,
        },
        Pixel {
            r: 0.35180664,
            g: 0.35180664,
            b: 0.35180664,
            a: 0.86816406,
        },
        Pixel {
            r: 0.38305664,
            g: 0.38305664,
            b: 0.38305664,
            a: 0.9482422,
        },
        Pixel {
            r: 0.37597656,
            g: 0.37597656,
            b: 0.37597656,
            a: 0.9277344,
        },
        Pixel {
            r: 0.61279297,
            g: 0.61279297,
            b: 0.6069336,
            a: 0.9316406,
        },
        Pixel {
            r: 0.6660156,
            g: 0.6660156,
            b: 0.6928711,
            a: 0.9316406,
        },
        Pixel {
            r: 0.6538086,
            g: 0.6538086,
            b: 0.5288086,
            a: 0.9316406,
        },
        Pixel {
            r: 0.6459961,
            g: 0.65625,
            b: 0.05380249,
            a: 0.9316406,
        },
        Pixel {
            r: 0.69970703,
            g: 0.65625,
            b: 0.017105103,
            a: 0.9316406,
        },
        Pixel {
            r: 0.35083008,
            g: 0.65625,
            b: 0.36328125,
            a: 0.9316406,
        },
        Pixel {
            r: 0.014587402,
            g: 0.65625,
            b: 0.6982422,
            a: 0.9316406,
        },
        Pixel {
            r: 0.068115234,
            g: 0.65625,
            b: 0.6557617,
            a: 0.9316406,
        },
        Pixel {
            r: 0.06390381,
            g: 0.6503906,
            b: 0.1784668,
            a: 0.9316406,
        },
        Pixel {
            r: 0.032928467,
            g: 0.68115234,
            b: 0.00762558,
            a: 0.9316406,
        },
        Pixel {
            r: 0.17285156,
            g: 0.5415039,
            b: 0.1784668,
            a: 0.9316406,
        },
        Pixel {
            r: 0.6660156,
            g: 0.04840088,
            b: 0.6557617,
            a: 0.9316406,
        },
        Pixel {
            r: 0.65478516,
            g: 0.059631348,
            b: 0.6982422,
            a: 0.9316406,
        },
        Pixel {
            r: 0.65478516,
            g: 0.059051514,
            b: 0.36328125,
            a: 0.9316406,
        },
        Pixel {
            r: 0.6533203,
            g: 0.05822754,
            b: 0.017105103,
            a: 0.9316406,
        },
        Pixel {
            r: 0.67041016,
            g: 0.05822754,
            b: 0.05380249,
            a: 0.9316406,
        },
        Pixel {
            r: 0.18566895,
            g: 0.060791016,
            b: 0.5288086,
            a: 0.9316406,
        },
        Pixel {
            r: 0.019836426,
            g: 0.046936035,
            b: 0.6928711,
            a: 0.9316406,
        },
        Pixel {
            r: 0.11352539,
            g: 0.10748291,
            b: 0.6069336,
            a: 0.9316406,
        },
        Pixel {
            r: 0.37451172,
            g: 0.37451172,
            b: 0.37597656,
            a: 0.9277344,
        },
        Pixel {
            r: 0.38427734,
            g: 0.38427734,
            b: 0.38305664,
            a: 0.9482422,
        },
        Pixel {
            r: 0.35058594,
            g: 0.35058594,
            b: 0.35180664,
            a: 0.86816406,
        },
    ],
)
