---
source: openfx-runner/src/main.rs
assertion_line: 3121
expression: image.pixels
---
Rgba(
    [
        Pixel {
            r: 0.0,
            g: 0.0,
            b: 0.0,
            a: 0.0,
        },
        Pixel {
            r: 0.0,
            g: 0.0,
            b: 0.0,
            a: 0.0,
        },
        Pixel {
            r: 0.0,
            g: 0.0,
            b: 0.0,
            a: 0.0,
        },
        Pixel {
            r: 0.0,
            g: 0.0,
            b: 0.0,
            a: 0.0,
        },
        Pixel {
            r: 0.0,
            g: 0.0,
            b: 0.0,
            a: 0.0,
        },
        Pixel {
            r: 0.0,
            g: 0.0,
            b: 0.0,
            a: 0.0,
        },
        Pixel {
            r: 0.0,
            g: 0.0,
            b: 0.0,
            a: 0.0,
        },
        Pixel {
            r: 0.0,
            g: 0.0,
            b: 0.0,
            a: 0.0,
        },
        Pixel {
            r: 0.0,
            g: 0.0,
            b: 0.0,
            a: 0.0,
        },
        Pixel {
            r: 0.0,
            g: 0.0,
            b: 0.0,
            a: 0.0,
        },
        Pixel {
            r: 0.0,
            g: 0.0,
            b: 0.0,
            a: 0.0,
        },
        Pixel {
            r: 0.0,
            g: 0.0,
            b: 0.0,
            a: 0.0,
        },
        Pixel {
            r: 0.0,
            g: 0.0,
            b: 0.0,
            a: 0.0,
        },
        Pixel {
            r: 0.0,
            g: 0.0,
            b: 0.0,
            a: 0.0,
        },
        Pixel {
            r: 0.0,
            g: 0.0,
            b: 0.0,
            a: 0.0,
        },
        Pixel {
            r: 0.0,
            g: 0.0,
            b: 0.0,
            a: 0.0,
        },
        Pixel {
            r: 0.91308594,
            g: 0.91308594,
            b: 0.91308594,
            a: 1.8632813,
        },
        Pixel {
            r: 0.0023517609,
            g: 0.0023517609,
            b: 0.0023517609,
            a: 1.8632813,
        },
        Pixel {
            r: 0.13183594,
            g: 0.13183594,
            b: 0.13183594,
            a: 1.8632813,
        },
        Pixel {
            r: 0.09295654,
            g: 0.09295654,
            b: 0.09295654,
            a: 1.8632813,
        },
        Pixel {
            r: 0.13745117,
            g: 0.13745117,
            b: 0.13745117,
            a: 1.8632813,
        },
        Pixel {
            r: 0.12719727,
            g: 0.12719727,
            b: 0.12719727,
            a: 1.8632813,
        },
        Pixel {
            r: 0.15917969,
            g: 0.15917969,
            b: 0.15917969,
            a: 1.8632813,
        },
        Pixel {
            r: 0.1361084,
            g: 0.1361084,
            b: 0.1361084,
            a: 1.8632813,
        },
        Pixel {
            r: 0.10424805,
            g: 0.10424805,
            b: 0.10424805,
            a: 1.8632813,
        },
        Pixel {
            r: 0.15405273,
            g: 0.15405273,
            b: 0.15405273,
            a: 1.8632813,
        },
        Pixel {
            r: 0.35327148,
            g: 0.35327148,
            b: 0.35327148,
            a: 1.8554688,
        },
        Pixel {
            r: 0.3623047,
            g: 0.3623047,
            b: 0.3623047,
            a: 1.8964844,
        },
        Pixel {
            r: 0.33081055,
            g: 0.33081055,
            b: 0.33081055,
            a: 1.7363281,
        },
        Pixel {
            r: 0.0,
            g: 0.0,
            b: 0.0,
            a: 0.0,
        },
        Pixel {
            r: 0.0,
            g: 0.0,
            b: 0.0,
            a: 0.0,
        },
        Pixel {
            r: 0.0,
            g: 0.0,
            b: 0.0,
            a: 0.0,
        },
        Pixel {
            r: 0.9970703,
            g: 0.9970703,
            b: 0.9970703,
            a: 2.0351563,
        },
        Pixel {
            r: 0.020858765,
            g: 0.020858765,
            b: 0.020858765,
            a: 2.0351563,
        },
        Pixel {
            r: 0.16210938,
            g: 0.16210938,
            b: 0.16210938,
            a: 2.0351563,
        },
        Pixel {
            r: 0.12243652,
            g: 0.12243652,
            b: 0.12243652,
            a: 2.0351563,
        },
        Pixel {
            r: 0.17236328,
            g: 0.17236328,
            b: 0.17236328,
            a: 2.0351563,
        },
        Pixel {
            r: 0.16333008,
            g: 0.16333008,
            b: 0.16333008,
            a: 2.0351563,
        },
        Pixel {
            r: 0.19995117,
            g: 0.19995117,
            b: 0.19995117,
            a: 2.0351563,
        },
        Pixel {
            r: 0.17651367,
            g: 0.1763916,
            b: 0.1763916,
            a: 2.0351563,
        },
        Pixel {
            r: 0.14233398,
            g: 0.14331055,
            b: 0.14331055,
            a: 2.0351563,
        },
        Pixel {
            r: 0.19592285,
            g: 0.19152832,
            b: 0.19152832,
            a: 2.0351563,
        },
        Pixel {
            r: 0.4099121,
            g: 0.38183594,
            b: 0.38183594,
            a: 2.0253906,
        },
        Pixel {
            r: 0.42016602,
            g: 0.39135742,
            b: 0.39135742,
            a: 2.0703125,
        },
        Pixel {
            r: 0.38378906,
            g: 0.35742188,
            b: 0.35742188,
            a: 1.8964844,
        },
        Pixel {
            r: 0.0,
            g: 0.0,
            b: 0.0,
            a: 0.0,
        },
        Pixel {
            r: 0.0,
            g: 0.0,
            b: 0.0,
            a: 0.0,
        },
        Pixel {
            r: 0.0,
            g: 0.0,
            b: 0.0,
            a: 0.0,
        },
        Pixel {
            r: 0.9814453,
            g: 0.9814453,
            b: 0.9814453,
            a: 1.9912109,
        },
        Pixel {
            r: -0.073913574,
            g: -0.073913574,
            b: -0.073913574,
            a: 1.9912109,
        },
        Pixel {
            r: 0.06341553,
            g: 0.06341553,
            b: 0.06341553,
            a: 1.9912109,
        },
        Pixel {
            r: 0.007671356,
            g: 0.007671356,
            b: 0.007671356,
            a: 1.9912109,
        },
        Pixel {
            r: 0.047546387,
            g: 0.047546387,
            b: 0.047546387,
            a: 1.9912109,
        },
        Pixel {
            r: 0.02468872,
            g: 0.02468872,
            b: 0.02468872,
            a: 1.9912109,
        },
        Pixel {
            r: 0.04977417,
            g: 0.04977417,
            b: 0.04977417,
            a: 1.9912109,
        },
        Pixel {
            r: 0.015640259,
            g: 0.016845703,
            b: 0.017044067,
            a: 1.9912109,
        },
        Pixel {
            r: -0.019989014,
            g: -0.025283813,
            b: -0.026138306,
            a: 1.9912109,
        },
        Pixel {
            r: 0.03366089,
            g: 0.056732178,
            b: 0.06048584,
            a: 1.9912109,
        },
        Pixel {
            r: 0.2475586,
            g: 0.39575195,
            b: 0.41992188,
            a: 1.9814453,
        },
        Pixel {
            r: 0.25439453,
            g: 0.40649414,
            b: 0.43139648,
            a: 2.0253906,
        },
        Pixel {
            r: 0.23181152,
            g: 0.37060547,
            b: 0.39331055,
            a: 1.8554688,
        },
        Pixel {
            r: 0.0,
            g: 0.0,
            b: 0.0,
            a: 0.0,
        },
        Pixel {
            r: 0.0,
            g: 0.0,
            b: 0.0,
            a: 0.0,
        },
        Pixel {
            r: 0.0,
            g: 0.0,
            b: 0.0,
            a: 0.0,
        },
        Pixel {
            r: 0.9404297,
            g: 0.953125,
            b: 0.9399414,
            a: 2.0,
        },
        Pixel {
            r: 0.5263672,
            g: 0.5336914,
            b: 0.5263672,
            a: 2.0,
        },
        Pixel {
            r: 0.6777344,
            g: 0.66552734,
            b: 0.6772461,
            a: 2.0,
        },
        Pixel {
            r: 0.7285156,
            g: 0.7167969,
            b: 0.7294922,
            a: 2.0,
        },
        Pixel {
            r: 0.82421875,
            g: 0.8125,
            b: 0.81884766,
            a: 2.0,
        },
        Pixel {
            r: 0.8901367,
            g: 0.87841797,
            b: 0.8774414,
            a: 2.0,
        },
        Pixel {
            r: 0.98291016,
            g: 0.9707031,
            b: 0.9707031,
            a: 2.0,
        },
        Pixel {
            r: 1.0097656,
            g: 0.9995117,
            b: 1.0078125,
            a: 2.0,
        },
        Pixel {
            r: 0.9848633,
            g: 1.0195313,
            b: 1.0371094,
            a: 2.0,
        },
        Pixel {
            r: 1.03125,
            g: 0.8823242,
            b: 0.8730469,
            a: 2.0,
        },
        Pixel {
            r: 1.2177734,
            g: 0.26049805,
            b: 0.13708496,
            a: 1.9912109,
        },
        Pixel {
            r: 1.2451172,
            g: 0.26245117,
            b: 0.13574219,
            a: 2.0351563,
        },
        Pixel {
            r: 1.1396484,
            g: 0.2434082,
            b: 0.12792969,
            a: 1.8632813,
        },
        Pixel {
            r: 0.0,
            g: 0.0,
            b: 0.0,
            a: 0.0,
        },
        Pixel {
            r: 0.0,
            g: 0.0,
            b: 0.0,
            a: 0.0,
        },
        Pixel {
            r: 0.0,
            g: 0.0,
            b: 0.0,
            a: 0.0,
        },
        Pixel {
            r: 1.1787109,
            g: 1.1210938,
            b: 1.1816406,
            a: 2.0,
        },
        Pixel {
            r: 1.3320313,
            g: 1.2998047,
            b: 1.3320313,
            a: 2.0,
        },
        Pixel {
            r: 1.3720703,
            g: 1.4277344,
            b: 1.3730469,
            a: 2.0,
        },
        Pixel {
            r: 1.4707031,
            g: 1.5234375,
            b: 1.4667969,
            a: 2.0,
        },
        Pixel {
            r: 1.5615234,
            g: 1.6142578,
            b: 1.5878906,
            a: 2.0,
        },
        Pixel {
            r: 1.6552734,
            g: 1.7089844,
            b: 1.7119141,
            a: 2.0,
        },
        Pixel {
            r: 1.75,
            g: 1.8046875,
            b: 1.8046875,
            a: 2.0,
        },
        Pixel {
            r: 1.8544922,
            g: 1.8554688,
            b: 1.8183594,
            a: 2.0,
        },
        Pixel {
            r: 1.8916016,
            g: 1.9345703,
            b: 1.8535156,
            a: 2.0,
        },
        Pixel {
            r: 1.7880859,
            g: 1.59375,
            b: 1.6484375,
            a: 2.0,
        },
        Pixel {
            r: 1.3349609,
            g: 0.082214355,
            b: 0.72265625,
            a: 1.9912109,
        },
        Pixel {
            r: 1.3613281,
            g: 0.07507324,
            b: 0.73339844,
            a: 2.0351563,
        },
        Pixel {
            r: 1.2490234,
            g: 0.076171875,
            b: 0.67626953,
            a: 1.8632813,
        },
        Pixel {
            r: 0.0,
            g: 0.0,
            b: 0.0,
            a: 0.0,
        },
        Pixel {
            r: 0.0,
            g: 0.0,
            b: 0.0,
            a: 0.0,
        },
        Pixel {
            r: 0.0,
            g: 0.0,
            b: 0.0,
            a: 0.0,
        },
        Pixel {
            r: 1.1835938,
            g: 1.4443359,
            b: 1.1728516,
            a: 2.0,
        },
        Pixel {
            r: 1.2138672,
            g: 1.3613281,
            b: 1.2158203,
            a: 2.0,
        },
        Pixel {
            r: 1.4042969,
            g: 1.15625,
            b: 1.4003906,
            a: 2.0,
        },
        Pixel {
            r: 1.3896484,
            g: 1.1503906,
            b: 1.4072266,
            a: 2.0,
        },
        Pixel {
            r: 1.3808594,
            g: 1.140625,
            b: 1.2636719,
            a: 2.0,
        },
        Pixel {
            r: 1.3701172,
            g: 1.1308594,
            b: 1.1142578,
            a: 2.0,
        },
        Pixel {
            r: 1.3671875,
            g: 1.1210938,
            b: 1.1191406,
            a: 2.0,
        },
        Pixel {
            r: 1.15625,
            g: 1.1074219,
            b: 1.3076172,
            a: 2.0,
        },
        Pixel {
            r: 1.1376953,
            g: 1.1445313,
            b: 1.3515625,
            a: 2.0,
        },
        Pixel {
            r: 0.9638672,
            g: 0.9814453,
            b: 1.4130859,
            a: 2.0,
        },
        Pixel {
            r: 0.12878418,
            g: 0.25854492,
            b: 1.7412109,
            a: 1.9912109,
        },
        Pixel {
            r: 0.12670898,
            g: 0.26000977,
            b: 1.78125,
            a: 2.0351563,
        },
        Pixel {
            r: 0.12017822,
            g: 0.24169922,
            b: 1.6298828,
            a: 1.8632813,
        },
        Pixel {
            r: 0.0,
            g: 0.0,
            b: 0.0,
            a: 0.0,
        },
        Pixel {
            r: 0.0,
            g: 0.0,
            b: 0.0,
            a: 0.0,
        },
        Pixel {
            r: 0.0,
            g: 0.0,
            b: 0.0,
            a: 0.0,
        },
        Pixel {
            r: 0.045684814,
            g: 1.4580078,
            b: -0.009407043,
            a: 2.0,
        },
        Pixel {
            r: 0.35205078,
            g: 1.1542969,
            b: 0.3642578,
            a: 2.0,
        },
        Pixel {
            r: 1.4277344,
            g: 0.08276367,
            b: 1.40625,
            a: 2.0,
        },
        Pixel {
            r: 1.4042969,
            g: 0.10888672,
            b: 1.5,
            a: 2.0,
        },
        Pixel {
            r: 1.40625,
            g: 0.109313965,
            b: 0.7714844,
            a: 2.0,
        },
        Pixel {
            r: 1.4052734,
            g: 0.109191895,
            b: 0.019638062,
            a: 2.0,
        },
        Pixel {
            r: 1.4443359,
            g: 0.110961914,
            b: 0.10131836,
            a: 2.0,
        },
        Pixel {
            r: 0.38989258,
            g: 0.11779785,
            b: 1.1367188,
            a: 2.0,
        },
        Pixel {
            r: 0.02720642,
            g: 0.08703613,
            b: 1.4951172,
            a: 2.0,
        },
        Pixel {
            r: 0.23803711,
            g: 0.22131348,
            b: 1.3017578,
            a: 2.0,
        },
        Pixel {
            r: 0.8359375,
            g: 0.81347656,
            b: 0.77001953,
            a: 1.9912109,
        },
        Pixel {
            r: 0.85839844,
            g: 0.8354492,
            b: 0.7841797,
            a: 2.0351563,
        },
        Pixel {
            r: 0.78271484,
            g: 0.76171875,
            b: 0.7207031,
            a: 1.8632813,
        },
        Pixel {
            r: 0.0,
            g: 0.0,
            b: 0.0,
            a: 0.0,
        },
        Pixel {
            r: 0.0,
            g: 0.0,
            b: 0.0,
            a: 0.0,
        },
        Pixel {
            r: 0.0,
            g: 0.0,
            b: 0.0,
            a: 0.0,
        },
        Pixel {
            r: 0.07312012,
            g: 1.4619141,
            b: 0.01889038,
            a: 2.0,
        },
        Pixel {
            r: 0.37280273,
            g: 1.1630859,
            b: 0.38500977,
            a: 2.0,
        },
        Pixel {
            r: 1.4296875,
            g: 0.10632324,
            b: 1.4082031,
            a: 2.0,
        },
        Pixel {
            r: 1.4052734,
            g: 0.1303711,
            b: 1.4990234,
            a: 2.0,
        },
        Pixel {
            r: 1.4052734,
            g: 0.12915039,
            b: 0.7807617,
            a: 2.0,
        },
        Pixel {
            r: 1.4033203,
            g: 0.1274414,
            b: 0.03930664,
            a: 2.0,
        },
        Pixel {
            r: 1.4384766,
            g: 0.1274414,
            b: 0.11798096,
            a: 2.0,
        },
        Pixel {
            r: 0.40039063,
            g: 0.13293457,
            b: 1.1357422,
            a: 2.0,
        },
        Pixel {
            r: 0.04525757,
            g: 0.10333252,
            b: 1.4873047,
            a: 2.0,
        },
        Pixel {
            r: 0.24560547,
            g: 0.23266602,
            b: 1.3027344,
            a: 2.0,
        },
        Pixel {
            r: 0.8027344,
            g: 0.8027344,
            b: 0.80908203,
            a: 1.9912109,
        },
        Pixel {
            r: 0.82421875,
            g: 0.82373047,
            b: 0.82373047,
            a: 2.0351563,
        },
        Pixel {
            r: 0.7519531,
            g: 0.75146484,
            b: 0.75683594,
            a: 1.8632813,
        },
        Pixel {
            r: 0.0,
            g: 0.0,
            b: 0.0,
            a: 0.0,
        },
        Pixel {
            r: 0.0,
            g: 0.0,
            b: 0.0,
            a: 0.0,
        },
        Pixel {
            r: 0.0,
            g: 0.0,
            b: 0.0,
            a: 0.0,
        },
        Pixel {
            r: 0.072631836,
            g: 1.4628906,
            b: 0.01838684,
            a: 2.0,
        },
        Pixel {
            r: 0.37231445,
            g: 1.1630859,
            b: 0.38452148,
            a: 2.0,
        },
        Pixel {
            r: 1.4296875,
            g: 0.10583496,
            b: 1.4082031,
            a: 2.0,
        },
        Pixel {
            r: 1.4052734,
            g: 0.12988281,
            b: 1.4990234,
            a: 2.0,
        },
        Pixel {
            r: 1.4052734,
            g: 0.12866211,
            b: 0.7807617,
            a: 2.0,
        },
        Pixel {
            r: 1.4033203,
            g: 0.12683105,
            b: 0.03869629,
            a: 2.0,
        },
        Pixel {
            r: 1.4384766,
            g: 0.12683105,
            b: 0.117370605,
            a: 2.0,
        },
        Pixel {
            r: 0.39990234,
            g: 0.13232422,
            b: 1.1357422,
            a: 2.0,
        },
        Pixel {
            r: 0.0446167,
            g: 0.10272217,
            b: 1.4873047,
            a: 2.0,
        },
        Pixel {
            r: 0.24511719,
            g: 0.23217773,
            b: 1.3027344,
            a: 2.0,
        },
        Pixel {
            r: 0.8027344,
            g: 0.8027344,
            b: 0.80859375,
            a: 1.9912109,
        },
        Pixel {
            r: 0.82421875,
            g: 0.82421875,
            b: 0.82373047,
            a: 2.0351563,
        },
        Pixel {
            r: 0.7519531,
            g: 0.7519531,
            b: 0.75683594,
            a: 1.8632813,
        },
        Pixel {
            r: 0.0,
            g: 0.0,
            b: 0.0,
            a: 0.0,
        },
        Pixel {
            r: 0.0,
            g: 0.0,
            b: 0.0,
            a: 0.0,
        },
        Pixel {
            r: 0.0,
            g: 0.0,
            b: 0.0,
            a: 0.0,
        },
    ],
)
